../Core/Src/adf4351.c:14:6:SPI_assert_CS_LD	8	static
../Core/Src/adf4351.c:23:6:SPI_deassert_CS_LD	8	static
../Core/Src/adf4351.c:31:6:SPI_Write	16	static
../Core/Src/adf4351.c:62:9:adf4350_write	24	static
../Core/Src/adf4351.c:88:9:adf4350_sync_config	32	static
../Core/Src/adf4351.c:125:9:adf4350_tune_r_cnt	24	static
../Core/Src/adf4351.c:144:10:gcd	24	static
../Core/Src/adf4351.c:167:9:adf4350_set_freq	176	static
../Core/Src/adf4351.c:304:9:adf4350_setup	32	static
../Core/Src/adf4351.c:381:9:adf4350_out_altvoltage0_frequency	16	static
../Core/Src/adf4351.c:393:9:adf4350_out_altvoltage0_frequency_resolution	16	static
../Core/Src/adf4351.c:410:9:adf4350_out_altvoltage0_refin_frequency	24	static
../Core/Src/adf4351.c:429:9:adf4350_out_altvoltage0_powerdown	24	static
